DT=auto -> dt=1.10 for WK2000_1.rud
make: Nothing to be done for 'all'.
make: Nothing to be done for 'probe'.
ok: dsb-gpu auto reduction=0 in 4.811s (50 rows)
ok: dsb-gpu bit reduction=0 in 4.690s (50 rows)
ok: dsb-gpu csr-row reduction=0 in 55.101s (50 rows)
ok: dsb-gpu csr-block reduction=0 in 522.014s (50 rows)
ok: dsb-gpu csr-cluster reduction=0 in 401.934s (50 rows)
ok: dsb-gpu block reduction=0 in 34.008s (50 rows)
ok: dsb-gpu cluster reduction=0 in 87.876s (50 rows)
ok: dsb-gpu global-sync reduction=0 in 378.093s (50 rows)
ok: dsb-gpu gemm reduction=0 in 4.642s (50 rows)
ok: dsb-gpu gemm:fp32:notf32 reduction=0 in 8.033s (50 rows)
ok: dsb-gpu gemm:int8 reduction=0 in 6.051s (50 rows)
ok: dsb-gpu block:fp16 reduction=0 in 29.948s (50 rows)
ok: dsb-gpu cluster:fp16 reduction=0 in 141.217s (50 rows)
ok: dsb-gpu global-sync:fp16 reduction=0 in 392.349s (50 rows)
ok: dsb-gpu gemm:fp16 reduction=0 in 4.679s (50 rows)
warning: public-dsb public:fp16:matched reduction=0 -> error after 5.220s (exit 1, 0/50 rows kept): ValueError: The Simulated Bifurcation algorithm can only run with a torch.float32 or a torch.float64 dtype.
ok: public-dsb public:fp32:matched reduction=0 in 13.271s (50 rows)
results: run_K2000_result_v5/K2000_512_800
summary: run_K2000_result_v5/K2000_512_800/summary.csv
status:  run_K2000_result_v5/K2000_512_800/run_status.csv
